AJAE selector_micro failed-run exception record
Captured at: 2026-08-24T16:39:00+08:00 (approximately)

The original command wrote to the interactive terminal and was not redirected to a
file. The traceback excerpt below is reconstructed from the captured terminal output;
it is not represented as a byte-for-byte copy of an originally persisted log.

Traceback (most recent call last):
  File "src/train.py", line 4535, in <module>
    raise SystemExit(main())
  File "src/train.py", line 4518, in main
    result = experiment.run()
  File "src/train.py", line 4210, in run
    gradient_audit = self._loss_gradient_audit()
  File "src/train.py", line 2365, in _loss_gradient_audit
    invariance = self._stage0_invariance_checks(parameters)
  File "src/train.py", line 2204, in _stage0_invariance_checks
    raise TrainingError(
src.train.TrainingError: Proposal classification or direct supervision depends on slot order

Known execution boundary:
- Stage A completed 24 current-head updates and was checkpointed.
- Stage B completed zero updates.
- The failed process made two transient temporal optimizer steps inside the old audit,
  but the process exited before they were checkpointed.
- The archived progress.pt temporal state is identical to temporal_initial.
